touch README.md
git init
git add README.md
git commit -m "first commit the README.md file"

git add .
git status
git commit -m "all the local codeof project emergency tools"
git remote add origin ssh://admin@192.168.1.3:29418/gms.app.tools.git
git push -u origin master

git remote add origin ssh://lrt@192.168.1.3:29418/gms.app.tools.git

------------分支和主干合并
git branch dev
git checkout dev
git status
git add index.php
git commit -m "index.php modify on dev branch"
git push origin dev

git checkout master
git merge dev
git push -u origin master

--------------------------不同用户协做，
1、创建文件夹
2、右键初始化
3、抓取代码到本地
git clone ssh://lrt@192.168.1.3:29418/gms.app.tools.git


现在总结一下：

    HEAD指向的版本就是当前版本，因此，Git允许我们在版本的历史之间穿梭，使用命令git reset --hard commit_id。

    穿梭前，用git log可以查看提交历史，以便确定要回退到哪个版本。

    要重返未来，用git reflog查看命令历史，以便确定要回到未来的哪个版本。

小结

又到了小结时间。

场景1：当你改乱了工作区某个文件的内容，想直接丢弃工作区的修改时，用命令git checkout -- file。

场景2：当你不但改乱了工作区某个文件的内容，还添加到了暂存区时，想丢弃修改，分两步，第一步用命令git reset HEAD 

file，就回到了场景1，第二步按场景1操作。

场景3：已经提交了不合适的修改到版本库时，想要撤销本次提交，参考版本回退一节，不过前提是没有推送到远程库。

----------------------------
…or create a new repository on the command line

echo "# learngit" >> README.md
git init
git add README.md
git commit -m "first commit"
git remote add origin https://github.com/xmfish/learngit.git
git push -u origin master



---------------------------------------------------------------------
Administrator@LUORENTAO /d/phpStudy/WWW/official-lrt (master)
$ git status
On branch master
Your branch is up-to-date with 'origin/master'.

Changes not staged for commit:
  (use "git add <file>..." to update what will be committed)
  (use "git checkout -- <file>..." to discard changes in working directory)

        modified:   README.md
        modified:   index.php

no changes added to commit (use "git add" and/or "git commit -a")

Administrator@LUORENTAO /d/phpStudy/WWW/official-lrt (master)
$ git add .

Administrator@LUORENTAO /d/phpStudy/WWW/official-lrt (master)
$ git status
On branch master
Your branch is up-to-date with 'origin/master'.

Changes to be committed:
  (use "git reset HEAD <file>..." to unstage)

        modified:   README.md
        modified:   index.php


Administrator@LUORENTAO /d/phpStudy/WWW/official-lrt (master)


------------------

由于远程库是空的，我们第一次推送master分支时，加上了-u参数，Git不但会把本地的master分支内容推送的远程新的master分支，还会把本地的master分支和远程的master分支关联起来，在以后的推送或者拉取时就可以简化命令。

https://www.liaoxuefeng.com/wiki/0013739516305929606dd18361248578c67b8067c8c017b000/0013752340242354807e192f02a44359908df8a5643103a000