touch README.md
git init
git add README.md
git commit -m "first commit the README.md file"

git add .
git status
git commit -m "all the local codeof project emergency tools"
git remote add origin ssh://admin@192.168.1.3:29418/gms.app.tools.git
git push -u origin master

git remote add origin ssh://lrt@192.168.1.3:29418/gms.app.tools.git

------------֧ɺϲ
git branch dev
git checkout dev
git status
git add index.php
git commit -m "index.php modify on dev branch"
git push origin dev

git checkout master
git merge dev
git push -u origin master

--------------------------ͬûЭ
1ļ
2Ҽʼ
3ץȡ뵽
git clone ssh://lrt@192.168.1.3:29418/gms.app.tools.git


ܽһ£

    HEADָİ汾ǵǰ汾ˣGitڰ汾ʷ֮䴩ʹgit reset --hard commit_id

    ǰgit logԲ鿴ύʷԱȷҪ˵ĸ汾

    Ҫطδgit reflog鿴ʷԱȷҪصδĸ汾

С

ֵСʱ䡣

1˹ĳļݣֱӶ޸ʱgit checkout -- file

2㲻˹ĳļݣӵݴʱ붪޸ģһgit reset HEAD 

fileͻص˳1ڶ1

3Ѿύ˲ʵ޸ĵ汾ʱҪύο汾һڣǰû͵Զ̿⡣

----------------------------
or create a new repository on the command line

echo "# learngit" >> README.md
git init
git add README.md
git commit -m "first commit"
git remote add origin https://github.com/xmfish/learngit.git
git push -u origin master



---------------------------------------------------------------------
Administrator@LUORENTAO /d/phpStudy/WWW/official-lrt (master)
$ git status
On branch master
Your branch is up-to-date with 'origin/master'.

Changes not staged for commit:
  (use "git add <file>..." to update what will be committed)
  (use "git checkout -- <file>..." to discard changes in working directory)

        modified:   README.md
        modified:   index.php

no changes added to commit (use "git add" and/or "git commit -a")

Administrator@LUORENTAO /d/phpStudy/WWW/official-lrt (master)
$ git add .

Administrator@LUORENTAO /d/phpStudy/WWW/official-lrt (master)
$ git status
On branch master
Your branch is up-to-date with 'origin/master'.

Changes to be committed:
  (use "git reset HEAD <file>..." to unstage)

        modified:   README.md
        modified:   index.php


Administrator@LUORENTAO /d/phpStudy/WWW/official-lrt (master)


------------------

Զ̿ǿյģǵһmaster֧ʱ-uGitѱصmaster֧͵Զµmaster֧ѱصmaster֧Զ̵master֧ԺͻȡʱͿԼ

С
ҪһԶ̿⣬ʹgit remote add origin git@server-name:path/repo-name.git
ʹgit push -u origin masterһmaster֧ݣ
˺ÿαύֻҪбҪͿʹgit push origin master޸ģ
ֲʽ汾ϵͳô֮һڱعȫҪԶ̿ĴڣҲûSVNûʱǾܾɻģʱٰѱύһ¾̫ͬˣ

https://www.liaoxuefeng.com/wiki/0013739516305929606dd18361248578c67b8067c8c017b000/0013752340242354807e192f02a44359908df8a5643103a000